Archive member included to satisfy reference by file (symbol)

/Users/siidheesh/Documents/LPCXpresso_8.2.2/workspace/Lib_EaBaseBoard/Debug/libLib_EaBaseBoard.a(joystick.o)
                              ./src/main.o (joystick_init)
/Users/siidheesh/Documents/LPCXpresso_8.2.2/workspace/Lib_EaBaseBoard/Debug/libLib_EaBaseBoard.a(led7seg.o)
                              ./src/main.o (led7seg_init)
/Users/siidheesh/Documents/LPCXpresso_8.2.2/workspace/Lib_EaBaseBoard/Debug/libLib_EaBaseBoard.a(rgb.o)
                              ./src/main.o (rgb_init)
/Users/siidheesh/Documents/LPCXpresso_8.2.2/workspace/Lib_EaBaseBoard/Debug/libLib_EaBaseBoard.a(rotary.o)
                              ./src/main.o (rotary_init)
/Users/siidheesh/Documents/LPCXpresso_8.2.2/workspace/Lib_CMSISv1p30_LPC17xx/Debug/libCMSISv1p30_LPC17xx.a(system_LPC17xx.o)
                              ./src/cr_startup_lpc17.o (SystemInit)
/Users/siidheesh/Documents/LPCXpresso_8.2.2/workspace/Lib_MCU/Debug/libLib_MCU.a(lpc17xx_gpio.o)
                              /Users/siidheesh/Documents/LPCXpresso_8.2.2/workspace/Lib_EaBaseBoard/Debug/libLib_EaBaseBoard.a(joystick.o) (GPIO_SetDir)
/Users/siidheesh/Documents/LPCXpresso_8.2.2/workspace/Lib_MCU/Debug/libLib_MCU.a(lpc17xx_ssp.o)
                              /Users/siidheesh/Documents/LPCXpresso_8.2.2/workspace/Lib_EaBaseBoard/Debug/libLib_EaBaseBoard.a(led7seg.o) (SSP_ReadWrite)
/Users/siidheesh/Documents/LPCXpresso_8.2.2/workspace/Lib_MCU/Debug/libLib_MCU.a(lpc17xx_clkpwr.o)
                              /Users/siidheesh/Documents/LPCXpresso_8.2.2/workspace/Lib_MCU/Debug/libLib_MCU.a(lpc17xx_ssp.o) (CLKPWR_GetPCLK)
/Users/siidheesh/Documents/LPCXpresso_8.2.2/workspace/Lib_MCU/Debug/libLib_MCU.a(lpc17xx_libcfg_default.o)
                              /Users/siidheesh/Documents/LPCXpresso_8.2.2/workspace/Lib_MCU/Debug/libLib_MCU.a(lpc17xx_ssp.o) (check_failed)
/Applications/lpcxpresso_8.2.2_650/lpcxpresso/tools/bin/../lib/gcc/arm-none-eabi/5.4.1/../../../../arm-none-eabi/lib/armv7-m/libcr_semihost.a(_cr__main.o)
                              ./src/cr_startup_lpc17.o (__main)
/Applications/lpcxpresso_8.2.2_650/lpcxpresso/tools/bin/../lib/gcc/arm-none-eabi/5.4.1/../../../../arm-none-eabi/lib/armv7-m/libcr_c.a(memcpy.o)
                              ./src/main.o (memcpy)
/Applications/lpcxpresso_8.2.2_650/lpcxpresso/tools/bin/../lib/gcc/arm-none-eabi/5.4.1/../../../../arm-none-eabi/lib/armv7-m/libcr_c.a(memset.o)
                              ./src/main.o (memset)
/Applications/lpcxpresso_8.2.2_650/lpcxpresso/tools/bin/../lib/gcc/arm-none-eabi/5.4.1/../../../../arm-none-eabi/lib/armv7-m/libcr_c.a(fpprintf.o)
                              ./src/main.o (printf)
/Applications/lpcxpresso_8.2.2_650/lpcxpresso/tools/bin/../lib/gcc/arm-none-eabi/5.4.1/../../../../arm-none-eabi/lib/armv7-m/libcr_c.a(initio.o)
                              /Applications/lpcxpresso_8.2.2_650/lpcxpresso/tools/bin/../lib/gcc/arm-none-eabi/5.4.1/../../../../arm-none-eabi/lib/armv7-m/libcr_semihost.a(_cr__main.o) (_initio)
/Applications/lpcxpresso_8.2.2_650/lpcxpresso/tools/bin/../lib/gcc/arm-none-eabi/5.4.1/../../../../arm-none-eabi/lib/armv7-m/libcr_c.a(printf.o)
                              /Applications/lpcxpresso_8.2.2_650/lpcxpresso/tools/bin/../lib/gcc/arm-none-eabi/5.4.1/../../../../arm-none-eabi/lib/armv7-m/libcr_c.a(fpprintf.o) (__vfprintf)
/Applications/lpcxpresso_8.2.2_650/lpcxpresso/tools/bin/../lib/gcc/arm-none-eabi/5.4.1/../../../../arm-none-eabi/lib/armv7-m/libcr_c.a(setvbuf.o)
                              /Applications/lpcxpresso_8.2.2_650/lpcxpresso/tools/bin/../lib/gcc/arm-none-eabi/5.4.1/../../../../arm-none-eabi/lib/armv7-m/libcr_c.a(initio.o) (setvbuf)
/Applications/lpcxpresso_8.2.2_650/lpcxpresso/tools/bin/../lib/gcc/arm-none-eabi/5.4.1/../../../../arm-none-eabi/lib/armv7-m/libcr_c.a(stdio.o)
                              /Applications/lpcxpresso_8.2.2_650/lpcxpresso/tools/bin/../lib/gcc/arm-none-eabi/5.4.1/../../../../arm-none-eabi/lib/armv7-m/libcr_c.a(fpprintf.o) (__Ciob)
/Applications/lpcxpresso_8.2.2_650/lpcxpresso/tools/bin/../lib/gcc/arm-none-eabi/5.4.1/../../../../arm-none-eabi/lib/armv7-m/libcr_c.a(strlen.o)
                              /Applications/lpcxpresso_8.2.2_650/lpcxpresso/tools/bin/../lib/gcc/arm-none-eabi/5.4.1/../../../../arm-none-eabi/lib/armv7-m/libcr_c.a(printf.o) (strlen)
/Applications/lpcxpresso_8.2.2_650/lpcxpresso/tools/bin/../lib/gcc/arm-none-eabi/5.4.1/../../../../arm-none-eabi/lib/armv7-m/libcr_c.a(__fillbuf.o)
                              /Applications/lpcxpresso_8.2.2_650/lpcxpresso/tools/bin/../lib/gcc/arm-none-eabi/5.4.1/../../../../arm-none-eabi/lib/armv7-m/libcr_c.a(stdio.o) (__filbuf)
/Applications/lpcxpresso_8.2.2_650/lpcxpresso/tools/bin/../lib/gcc/arm-none-eabi/5.4.1/../../../../arm-none-eabi/lib/armv7-m/libcr_c.a(_deferredlazyseek.o)
[...]
Memory Configuration

Name             Origin             Length             Attributes
MFlash512        0x0000000000000000 0x0000000000080000 xr
RamLoc32         0x0000000010000000 0x0000000000008000 xrw
RamAHB32         0x000000002007c000 0x0000000000008000 xrw
*default*        0x0000000000000000 0xffffffffffffffff

Linker script and memory map

LOAD ./src/cr_startup_lpc17.o
LOAD ./src/distrBF.o
LOAD ./src/main.o
LOAD /Users/siidheesh/Documents/LPCXpresso_8.2.2/workspace/Lib_EaBaseBoard/Debug/libLib_EaBaseBoard.a
LOAD /Users/siidheesh/Documents/LPCXpresso_8.2.2/workspace/Lib_CMSISv1p30_LPC17xx/Debug/libCMSISv1p30_LPC17xx.a
LOAD /Users/siidheesh/Documents/LPCXpresso_8.2.2/workspace/Lib_MCU/Debug/libLib_MCU.a
START GROUP
LOAD /Applications/lpcxpresso_8.2.2_650/lpcxpresso/tools/bin/../lib/gcc/arm-none-eabi/5.4.1/../../../../arm-none-eabi/lib/armv7-m/libcr_semihost.a
LOAD /Applications/lpcxpresso_8.2.2_650/lpcxpresso/tools/bin/../lib/gcc/arm-none-eabi/5.4.1/../../../../arm-none-eabi/lib/armv7-m/libcr_c.a
LOAD /Applications/lpcxpresso_8.2.2_650/lpcxpresso/tools/bin/../lib/gcc/arm-none-eabi/5.4.1/armv7-m/libcr_eabihelpers.a
END GROUP
                0x0000000000000000                __base_MFlash512 = 0x0
                0x0000000000000000                __base_Flash = 0x0
                0x0000000000080000                __top_MFlash512 = 0x80000
                0x0000000000080000                __top_Flash = 0x80000
                0x0000000010000000                __base_RamLoc32 = 0x10000000
                0x0000000010000000                __base_RAM = 0x10000000
                0x0000000010008000                __top_RamLoc32 = 0x10008000
                0x0000000010008000                __top_RAM = 0x10008000
                0x000000002007c000                __base_RamAHB32 = 0x2007c000
                0x000000002007c000                __base_RAM2 = 0x2007c000
                0x0000000020084000                __top_RamAHB32 = 0x20084000
                0x0000000020084000                __top_RAM2 = 0x20084000

.text           0x0000000000000000     0x3838
 FILL mask 0xff
                0x0000000000000000                __vectors_start__ = ABSOLUTE (.)
 *(.isr_vector)
 .isr_vector    0x0000000000000000       0xcc ./src/cr_startup_lpc17.o
                0x0000000000000000                g_pfnVectors
                0x00000000000000cc                . = ALIGN (0x4)
                0x00000000000000cc                __section_table_start = .
                0x00000000000000cc                __data_section_table = .
                0x00000000000000cc        0x4 LONG 0x3838 LOADADDR (.data)
                0x00000000000000d0        0x4 LONG 0x10000000 ADDR (.data)
                0x00000000000000d4        0x4 LONG 0x50 SIZEOF (.data)
                0x00000000000000d8        0x4 LONG 0x3838 LOADADDR (.data_RAM2)
                0x00000000000000dc        0x4 LONG 0x2007c000 ADDR (.data_RAM2)
                0x00000000000000e0        0x4 LONG 0x0 SIZEOF (.data_RAM2)
                0x00000000000000e4                __data_section_table_end = .
                0x00000000000000e4                __bss_section_table = .
                0x00000000000000e4        0x4 LONG 0x10000050 ADDR (.bss)
                0x00000000000000e8        0x4 LONG 0x16c SIZEOF (.bss)
                0x00000000000000ec        0x4 LONG 0x2007c000 ADDR (.bss_RAM2)
                0x00000000000000f0        0x4 LONG 0x0 SIZEOF (.bss_RAM2)
                0x00000000000000f4                __bss_section_table_end = .
                0x00000000000000f4                __section_table_end = .
 *(.after_vectors*)
 *(.text*)
 .text.ResetISR
                0x00000000000000f4       0x58 ./src/cr_startup_lpc17.o
                0x00000000000000f4                ResetISR
 .text.NMI_Handler
                0x000000000000014c        0x8 ./src/cr_startup_lpc17.o
                0x000000000000014c                NMI_Handler
 .text.HardFault_Handler
                0x0000000000000154        0x8 ./src/cr_startup_lpc17.o
                0x0000000000000154                HardFault_Handler
 .text.MemManage_Handler
                0x000000000000015c        0x8 ./src/cr_startup_lpc17.o
                0x000000000000015c                MemManage_Handler
 .text.BusFault_Handler
                0x0000000000000164        0x8 ./src/cr_startup_lpc17.o
                0x0000000000000164                BusFault_Handler
 .text.UsageFault_Handler
                0x000000000000016c        0x8 ./src/cr_startup_lpc17.o
                0x000000000000016c                UsageFault_Handler
 .text.SVCall_Handler
                0x0000000000000174        0x8 ./src/cr_startup_lpc17.o
                0x0000000000000174                SVCall_Handler
 .text.DebugMon_Handler
                0x000000000000017c        0x8 ./src/cr_startup_lpc17.o
                0x000000000000017c                DebugMon_Handler
 .text.PendSV_Handler
                0x0000000000000184        0x8 ./src/cr_startup_lpc17.o
                0x0000000000000184                PendSV_Handler
 .text.SysTick_Handler
                0x000000000000018c        0x8 ./src/cr_startup_lpc17.o
                0x000000000000018c                SysTick_Handler
 .text.IntDefaultHandler
                0x0000000000000194        0x8 ./src/cr_startup_lpc17.o
                0x0000000000000194                ENET_IRQHandler
                0x0000000000000194                RIT_IRQHandler
                0x0000000000000194                I2C0_IRQHandler
                0x0000000000000194                USBActivity_IRQHandler
                0x0000000000000194                PWM1_IRQHandler
                0x0000000000000194                I2C1_IRQHandler
                0x0000000000000194                EINT2_IRQHandler
                0x0000000000000194                UART1_IRQHandler
                0x0000000000000194                EINT3_IRQHandler
                0x0000000000000194                CANActivity_IRQHandler
                0x0000000000000194                TIMER3_IRQHandler
                0x0000000000000194                UART0_IRQHandler
                0x0000000000000194                IntDefaultHandler
                0x0000000000000194                PLL0_IRQHandler
                0x0000000000000194                CAN_IRQHandler
                0x0000000000000194                PLL1_IRQHandler
                0x0000000000000194                SSP0_IRQHandler
                0x0000000000000194                I2S_IRQHandler
                0x0000000000000194                I2C2_IRQHandler
                0x0000000000000194                RTC_IRQHandler
                0x0000000000000194                TIMER0_IRQHandler
                0x0000000000000194                SPI_IRQHandler
                0x0000000000000194                EINT1_IRQHandler
                0x0000000000000194                TIMER1_IRQHandler
                0x0000000000000194                UART2_IRQHandler
                0x0000000000000194                ADC_IRQHandler
                0x0000000000000194                SSP1_IRQHandler
                0x0000000000000194                USB_IRQHandler
                0x0000000000000194                BOD_IRQHandler
                0x0000000000000194                WDT_IRQHandler
                0x0000000000000194                QEI_IRQHandler
                0x0000000000000194                EINT0_IRQHandler
                0x0000000000000194                DMA_IRQHandler
                0x0000000000000194                UART3_IRQHandler
                0x0000000000000194                MCPWM_IRQHandler
                0x0000000000000194                TIMER2_IRQHandler
 .text          0x000000000000019c       0x54 ./src/distrBF.o
                0x000000000000019c                distrBF
 .text.main     0x00000000000001f0       0xfc ./src/main.o
                0x00000000000001f0                main
 .text.joystick_init
                0x00000000000002ec       0x20 /Users/siidheesh/Documents/LPCXpresso_8.2.2/workspace/Lib_EaBaseBoard/Debug/libLib_EaBaseBoard.a(joystick.o)
                0x00000000000002ec                joystick_init
 .text.joystick_read
                0x000000000000030c       0x88 /Users/siidheesh/Documents/LPCXpresso_8.2.2/workspace/Lib_EaBaseBoard/Debug/libLib_EaBaseBoard.a(joystick.o)
                0x000000000000030c                joystick_read
 .text.led7seg_init
                0x0000000000000394       0x1c /Users/siidheesh/Documents/LPCXpresso_8.2.2/workspace/Lib_EaBaseBoard/Debug/libLib_EaBaseBoard.a(led7seg.o)
                0x0000000000000394                led7seg_init
 .text.led7seg_setChar
                0x00000000000003b0       0x74 /Users/siidheesh/Documents/LPCXpresso_8.2.2/workspace/Lib_EaBaseBoard/Debug/libLib_EaBaseBoard.a(led7seg.o)
                0x00000000000003b0                led7seg_setChar
 .text.rgb_init
                0x0000000000000424       0x28 /Users/siidheesh/Documents/LPCXpresso_8.2.2/workspace/Lib_EaBaseBoard/Debug/libLib_EaBaseBoard.a(rgb.o)
                0x0000000000000424                rgb_init
 .text.rgb_setLeds
                0x000000000000044c       0x6c /Users/siidheesh/Documents/LPCXpresso_8.2.2/workspace/Lib_EaBaseBoard/Debug/libLib_EaBaseBoard.a(rgb.o)
                0x000000000000044c                rgb_setLeds
 .text.rotary_init
                0x00000000000004b8       0x14 /Users/siidheesh/Documents/LPCXpresso_8.2.2/workspace/Lib_EaBaseBoard/Debug/libLib_EaBaseBoard.a(rotary.o)
                0x00000000000004b8                rotary_init
 .text.rotary_read
                0x00000000000004cc       0xd4 /Users/siidheesh/Documents/LPCXpresso_8.2.2/workspace/Lib_EaBaseBoard/Debug/libLib_EaBaseBoard.a(rotary.o)
                0x00000000000004cc                rotary_read
 .text.SystemInit
                0x00000000000005a0      0x140 /Users/siidheesh/Documents/LPCXpresso_8.2.2/workspace/Lib_CMSISv1p30_LPC17xx/Debug/libCMSISv1p30_LPC17xx.a(system_LPC17xx.o)
                0x00000000000005a0                SystemInit
 .text.GPIO_GetPointer
                0x00000000000006e0       0x70 /Users/siidheesh/Documents/LPCXpresso_8.2.2/workspace/Lib_MCU/Debug/libLib_MCU.a(lpc17xx_gpio.o)
 .text.GPIO_SetDir
                0x0000000000000750       0x4c /Users/siidheesh/Documents/LPCXpresso_8.2.2/workspace/Lib_MCU/Debug/libLib_MCU.a(lpc17xx_gpio.o)
                0x0000000000000750                GPIO_SetDir
 .text.GPIO_SetValue
                0x000000000000079c       0x2c /Users/siidheesh/Documents/LPCXpresso_8.2.2/workspace/Lib_MCU/Debug/libLib_MCU.a(lpc17xx_gpio.o)
                0x000000000000079c                GPIO_SetValue
 .text.GPIO_ClearValue
                0x00000000000007c8       0x2c /Users/siidheesh/Documents/LPCXpresso_8.2.2/workspace/Lib_MCU/Debug/libLib_MCU.a(lpc17xx_gpio.o)
                0x00000000000007c8                GPIO_ClearValue
 .text.GPIO_ReadValue
                0x00000000000007f4       0x2c /Users/siidheesh/Documents/LPCXpresso_8.2.2/workspace/Lib_MCU/Debug/libLib_MCU.a(lpc17xx_gpio.o)
                0x00000000000007f4                GPIO_ReadValue
 .text.SSP_getNum
                0x0000000000000820       0x38 /Users/siidheesh/Documents/LPCXpresso_8.2.2/workspace/Lib_MCU/Debug/libLib_MCU.a(lpc17xx_ssp.o)
 .text.SSP_IntHandler
                0x0000000000000858      0x2cc /Users/siidheesh/Documents/LPCXpresso_8.2.2/workspace/Lib_MCU/Debug/libLib_MCU.a(lpc17xx_ssp.o)
                0x0000000000000858                SSP_IntHandler
 .text.SSP_SendData
                0x0000000000000b24       0x40 /Users/siidheesh/Documents/LPCXpresso_8.2.2/workspace/Lib_MCU/Debug/libLib_MCU.a(lpc17xx_ssp.o)
                0x0000000000000b24                SSP_SendData
 .text.SSP_ReceiveData
                0x0000000000000b64       0x3c /Users/siidheesh/Documents/LPCXpresso_8.2.2/workspace/Lib_MCU/Debug/libLib_MCU.a(lpc17xx_ssp.o)
                0x0000000000000b64                SSP_ReceiveData
 .text.SSP_ReadWrite
                0x0000000000000ba0      0x3c0 /Users/siidheesh/Documents/LPCXpresso_8.2.2/workspace/Lib_MCU/Debug/libLib_MCU.a(lpc17xx_ssp.o)
                0x0000000000000ba0                SSP_ReadWrite
 .text.check_failed
                0x0000000000000f60        0xc /Users/siidheesh/Documents/LPCXpresso_8.2.2/workspace/Lib_MCU/Debug/libLib_MCU.a(lpc17xx_libcfg_default.o)
                0x0000000000000f60                check_failed
 .text.__main   0x0000000000000f6c       0x14 /Applications/lpcxpresso_8.2.2_650/lpcxpresso/tools/bin/../lib/gcc/arm-none-eabi/5.4.1/../../../../arm-none-eabi/lib/armv7-m/libcr_semihost.a(_cr__main.o)
                0x0000000000000f6c                __main
                0x0000000000000f6c                __CR_SEMIHOST
 .text.memcpy   0x0000000000000f80        0x4 /Applications/lpcxpresso_8.2.2_650/lpcxpresso/tools/bin/../lib/gcc/arm-none-eabi/5.4.1/../../../../arm-none-eabi/lib/armv7-m/libcr_c.a(memcpy.o)
                0x0000000000000f80                memcpy
 .text.memset   0x0000000000000f84        0x4 /Applications/lpcxpresso_8.2.2_650/lpcxpresso/tools/bin/../lib/gcc/arm-none-eabi/5.4.1/../../../../arm-none-eabi/lib/armv7-m/libcr_c.a(memset.o)
                0x0000000000000f84                memset
 .text.fp_round
                0x0000000000000f88       0x4c /Applications/lpcxpresso_8.2.2_650/lpcxpresso/tools/bin/../lib/gcc/arm-none-eabi/5.4.1/../../../../arm-none-eabi/lib/armv7-m/libcr_c.a(fpprintf.o)
 .text.pr_dec.constprop.1
                0x0000000000000fd4       0x26 /Applications/lpcxpresso_8.2.2_650/lpcxpresso/tools/bin/../lib/gcc/arm-none-eabi/5.4.1/../../../../arm-none-eabi/lib/armv7-m/libcr_c.a(fpprintf.o)
 *fill*         0x0000000000000ffa        0x2 ff
 .text.sprintf  0x0000000000000ffc       0x6c /Applications/lpcxpresso_8.2.2_650/lpcxpresso/tools/bin/../lib/gcc/arm-none-eabi/5.4.1/../../../../arm-none-eabi/lib/armv7-m/libcr_c.a(fpprintf.o)
                0x0000000000000ffc                sprintf
 .text.fp_display
                0x0000000000001068      0x8ec /Applications/lpcxpresso_8.2.2_650/lpcxpresso/tools/bin/../lib/gcc/arm-none-eabi/5.4.1/../../../../arm-none-eabi/lib/armv7-m/libcr_c.a(fpprintf.o)
 .text.vsnprintf
                0x0000000000001954       0x5c /Applications/lpcxpresso_8.2.2_650/lpcxpresso/tools/bin/../lib/gcc/arm-none-eabi/5.4.1/../../../../arm-none-eabi/lib/armv7-m/libcr_c.a(fpprintf.o)
                0x0000000000001954                vsnprintf
 .text.printf   0x00000000000019b0       0x54 /Applications/lpcxpresso_8.2.2_650/lpcxpresso/tools/bin/../lib/gcc/arm-none-eabi/5.4.1/../../../../arm-none-eabi/lib/armv7-m/libcr_c.a(fpprintf.o)
                0x00000000000019b0                printf
 .text._initio  0x0000000000001a04       0xa4 /Applications/lpcxpresso_8.2.2_650/lpcxpresso/tools/bin/../lib/gcc/arm-none-eabi/5.4.1/../../../../arm-none-eabi/lib/armv7-m/libcr_c.a(initio.o)
                0x0000000000001a04                _initio
 .text.__vfprintf
                0x0000000000001aa8      0xd28 /Applications/lpcxpresso_8.2.2_650/lpcxpresso/tools/bin/../lib/gcc/arm-none-eabi/5.4.1/../../../../arm-none-eabi/lib/armv7-m/libcr_c.a(printf.o)
                0x0000000000001aa8                __vfprintf
 .text.setvbuf  0x00000000000027d0       0x40 /Applications/lpcxpresso_8.2.2_650/lpcxpresso/tools/bin/../lib/gcc/arm-none-eabi/5.4.1/../../../../arm-none-eabi/lib/armv7-m/libcr_c.a(setvbuf.o)
                0x00000000000027d0                setvbuf
 .text.strlen   0x0000000000002810       0x4a /Applications/lpcxpresso_8.2.2_650/lpcxpresso/tools/bin/../lib/gcc/arm-none-eabi/5.4.1/../../../../arm-none-eabi/lib/armv7-m/libcr_c.a(strlen.o)
                0x0000000000002810                strlen
 .text._deferredlazyseek
                0x000000000000285a       0x44 /Applications/lpcxpresso_8.2.2_650/lpcxpresso/tools/bin/../lib/gcc/arm-none-eabi/5.4.1/../../../../arm-none-eabi/lib/armv7-m/libcr_c.a(_deferredlazyseek.o)
                0x000000000000285a                _deferredlazyseek
 .text.__flsbuf
                0x000000000000289e      0x140 /Applications/lpcxpresso_8.2.2_650/lpcxpresso/tools/bin/../lib/gcc/arm-none-eabi/5.4.1/../../../../arm-none-eabi/lib/armv7-m/libcr_c.a(_deferredlazyseek.o)
                0x000000000000289e                __flsbuf
 .text._fdopen  0x00000000000029de       0x6a /Applications/lpcxpresso_8.2.2_650/lpcxpresso/tools/bin/../lib/gcc/arm-none-eabi/5.4.1/../../../../arm-none-eabi/lib/armv7-m/libcr_c.a(_fdopen.o)
                0x00000000000029de                _fdopen
 .text._fflush  0x0000000000002a48       0x58 /Applications/lpcxpresso_8.2.2_650/lpcxpresso/tools/bin/../lib/gcc/arm-none-eabi/5.4.1/../../../../arm-none-eabi/lib/armv7-m/libcr_c.a(_fflush.o)
                0x0000000000002a48                _fflush
 .text._frexpl  0x0000000000002aa0       0x5a /Applications/lpcxpresso_8.2.2_650/lpcxpresso/tools/bin/../lib/gcc/arm-none-eabi/5.4.1/../../../../arm-none-eabi/lib/armv7-m/libcr_c.a(_frexpl.o)
                0x0000000000002aa0                _frexpl
 *fill*         0x0000000000002afa        0x2 ff
 .text._ldexpl  0x0000000000002afc       0x4c /Applications/lpcxpresso_8.2.2_650/lpcxpresso/tools/bin/../lib/gcc/arm-none-eabi/5.4.1/../../../../arm-none-eabi/lib/armv7-m/libcr_c.a(_ldexpl.o)
                0x0000000000002afc                _ldexpl
 .text._Cwritebuf
                0x0000000000002b48       0x68 /Applications/lpcxpresso_8.2.2_650/lpcxpresso/tools/bin/../lib/gcc/arm-none-eabi/5.4.1/../../../../arm-none-eabi/lib/armv7-m/libcr_c.a(_writebuf.o)
                0x0000000000002b48                _Cwritebuf
 .text.malloc   0x0000000000002bb0       0xc8 /Applications/lpcxpresso_8.2.2_650/lpcxpresso/tools/bin/../lib/gcc/arm-none-eabi/5.4.1/../../../../arm-none-eabi/lib/armv7-m/libcr_c.a(alloc.o)
                0x0000000000002bb0                malloc
 .text.free     0x0000000000002c78       0x30 /Applications/lpcxpresso_8.2.2_650/lpcxpresso/tools/bin/../lib/gcc/arm-none-eabi/5.4.1/../../../../arm-none-eabi/lib/armv7-m/libcr_c.a(alloc.o)
                0x0000000000002c78                free
 .text._Csys_alloc
                0x0000000000002ca8       0x20 /Applications/lpcxpresso_8.2.2_650/lpcxpresso/tools/bin/../lib/gcc/arm-none-eabi/5.4.1/../../../../arm-none-eabi/lib/armv7-m/libcr_c.a(alloc.o)
                0x0000000000002ca8                _Csys_alloc
 .text.fclose   0x0000000000002cc8       0x6c /Applications/lpcxpresso_8.2.2_650/lpcxpresso/tools/bin/../lib/gcc/arm-none-eabi/5.4.1/../../../../arm-none-eabi/lib/armv7-m/libcr_c.a(fclose.o)
                0x0000000000002cc8                fclose
 .text.fflush   0x0000000000002d34       0x30 /Applications/lpcxpresso_8.2.2_650/lpcxpresso/tools/bin/../lib/gcc/arm-none-eabi/5.4.1/../../../../arm-none-eabi/lib/armv7-m/libcr_c.a(fflush.o)
                0x0000000000002d34                fflush
 .text.fseek    0x0000000000002d64      0x110 /Applications/lpcxpresso_8.2.2_650/lpcxpresso/tools/bin/../lib/gcc/arm-none-eabi/5.4.1/../../../../arm-none-eabi/lib/armv7-m/libcr_c.a(fseek.o)
                0x0000000000002d64                fseek
 .text.ftell    0x0000000000002e74       0x4c /Applications/lpcxpresso_8.2.2_650/lpcxpresso/tools/bin/../lib/gcc/arm-none-eabi/5.4.1/../../../../arm-none-eabi/lib/armv7-m/libcr_c.a(ftell.o)
                0x0000000000002e74                ftell
 .text.remove   0x0000000000002ec0       0x14 /Applications/lpcxpresso_8.2.2_650/lpcxpresso/tools/bin/../lib/gcc/arm-none-eabi/5.4.1/../../../../arm-none-eabi/lib/armv7-m/libcr_c.a(remove.o)
                0x0000000000002ec0                remove
 .text._sbrk    0x0000000000002ed4       0x40 /Applications/lpcxpresso_8.2.2_650/lpcxpresso/tools/bin/../lib/gcc/arm-none-eabi/5.4.1/../../../../arm-none-eabi/lib/armv7-m/libcr_c.a(_cr_sbrk.o)
                0x0000000000002ed4                _sbrk
 .text._do_fflush
                0x0000000000002f14       0x44 /Applications/lpcxpresso_8.2.2_650/lpcxpresso/tools/bin/../lib/gcc/arm-none-eabi/5.4.1/../../../../arm-none-eabi/lib/armv7-m/libcr_c.a(_do_fflush.o)
                0x0000000000002f14                _do_fflush
 .text.__check_heap_overflow
                0x0000000000002f58       0x18 /Applications/lpcxpresso_8.2.2_650/lpcxpresso/tools/bin/../lib/gcc/arm-none-eabi/5.4.1/../../../../arm-none-eabi/lib/armv7-m/libcr_c.a(_cr_check_heap.o)
                0x0000000000002f58                __check_heap_overflow
 .text.__aeabi_dmul
                0x0000000000002f70      0x110 /Applications/lpcxpresso_8.2.2_650/lpcxpresso/tools/bin/../lib/gcc/arm-none-eabi/5.4.1/armv7-m/libcr_eabihelpers.a(double.o)
                0x0000000000002f70                __aeabi_dmul
 .text.__aeabi_ddiv
                0x0000000000003080      0x138 /Applications/lpcxpresso_8.2.2_650/lpcxpresso/tools/bin/../lib/gcc/arm-none-eabi/5.4.1/armv7-m/libcr_eabihelpers.a(double.o)
                0x0000000000003080                __aeabi_ddiv
 .text.__aeabi_dsub
                0x00000000000031b8      0x1a0 /Applications/lpcxpresso_8.2.2_650/lpcxpresso/tools/bin/../lib/gcc/arm-none-eabi/5.4.1/armv7-m/libcr_eabihelpers.a(double.o)
                0x00000000000031b8                __aeabi_dsub
 .text.__aeabi_dadd
                0x0000000000003358      0x10c /Applications/lpcxpresso_8.2.2_650/lpcxpresso/tools/bin/../lib/gcc/arm-none-eabi/5.4.1/armv7-m/libcr_eabihelpers.a(double.o)
                0x0000000000003358                __aeabi_dadd
 .text.__aeabi_d2iz
                0x0000000000003464       0x40 /Applications/lpcxpresso_8.2.2_650/lpcxpresso/tools/bin/../lib/gcc/arm-none-eabi/5.4.1/armv7-m/libcr_eabihelpers.a(double.o)
                0x0000000000003464                __aeabi_d2iz
 .text.__bhs_ui2d
                0x00000000000034a4       0x46 /Applications/lpcxpresso_8.2.2_650/lpcxpresso/tools/bin/../lib/gcc/arm-none-eabi/5.4.1/armv7-m/libcr_eabihelpers.a(double.o)
                0x00000000000034a4                __bhs_ui2d
 .text.__aeabi_i2d
                0x00000000000034ea       0x10 /Applications/lpcxpresso_8.2.2_650/lpcxpresso/tools/bin/../lib/gcc/arm-none-eabi/5.4.1/armv7-m/libcr_eabihelpers.a(double.o)
                0x00000000000034ea                __aeabi_i2d
 .text.__aeabi_dcmpeq
                0x00000000000034fa       0x2c /Applications/lpcxpresso_8.2.2_650/lpcxpresso/tools/bin/../lib/gcc/arm-none-eabi/5.4.1/armv7-m/libcr_eabihelpers.a(double.o)
                0x00000000000034fa                __aeabi_dcmpeq
 .text.__aeabi_dcmplt
                0x0000000000003526       0x54 /Applications/lpcxpresso_8.2.2_650/lpcxpresso/tools/bin/../lib/gcc/arm-none-eabi/5.4.1/armv7-m/libcr_eabihelpers.a(double.o)
                0x0000000000003526                __aeabi_dcmplt
 .text.__aeabi_dcmple
                0x000000000000357a       0x54 /Applications/lpcxpresso_8.2.2_650/lpcxpresso/tools/bin/../lib/gcc/arm-none-eabi/5.4.1/armv7-m/libcr_eabihelpers.a(double.o)
                0x000000000000357a                __aeabi_dcmple
 .text.__aeabi_dcmpge
                0x00000000000035ce       0x54 /Applications/lpcxpresso_8.2.2_650/lpcxpresso/tools/bin/../lib/gcc/arm-none-eabi/5.4.1/armv7-m/libcr_eabihelpers.a(double.o)
                0x00000000000035ce                __aeabi_dcmpge
 .text.__aeabi_memcpy
                0x0000000000003622       0x34 /Applications/lpcxpresso_8.2.2_650/lpcxpresso/tools/bin/../lib/gcc/arm-none-eabi/5.4.1/armv7-m/libcr_eabihelpers.a(memcpy.o)
                0x0000000000003622                __aeabi_memcpy
                0x000000000000362c                __aeabi_memcpy4
                0x000000000000362c                __aeabi_memcpy8
 .text.__aeabi_memset_lowlevel
                0x0000000000003656       0x32 /Applications/lpcxpresso_8.2.2_650/lpcxpresso/tools/bin/../lib/gcc/arm-none-eabi/5.4.1/armv7-m/libcr_eabihelpers.a(memcpy.o)
                0x0000000000003656                __aeabi_lowlevel_memset
 .text.__sys_appexit
                0x0000000000003688        0xc /Applications/lpcxpresso_8.2.2_650/lpcxpresso/tools/bin/../lib/gcc/arm-none-eabi/5.4.1/../../../../arm-none-eabi/lib/armv7-m/libcr_semihost.a(__sys_appexit.o)
                0x0000000000003688                __exit
                0x0000000000003688                __sys_appexit
 .text.__sys_close
                0x0000000000003694        0xc /Applications/lpcxpresso_8.2.2_650/lpcxpresso/tools/bin/../lib/gcc/arm-none-eabi/5.4.1/../../../../arm-none-eabi/lib/armv7-m/libcr_semihost.a(__sys_close.o)
                0x0000000000003694                __sys_close
 .text.__sys_flen
                0x00000000000036a0        0xc /Applications/lpcxpresso_8.2.2_650/lpcxpresso/tools/bin/../lib/gcc/arm-none-eabi/5.4.1/../../../../arm-none-eabi/lib/armv7-m/libcr_semihost.a(__sys_flen.o)
                0x00000000000036a0                __sys_flen
 .text.__sys_istty
                0x00000000000036ac        0xc /Applications/lpcxpresso_8.2.2_650/lpcxpresso/tools/bin/../lib/gcc/arm-none-eabi/5.4.1/../../../../arm-none-eabi/lib/armv7-m/libcr_semihost.a(__sys_istty.o)
                0x00000000000036ac                __sys_istty
 .text.__sys_remove
                0x00000000000036b8        0xc /Applications/lpcxpresso_8.2.2_650/lpcxpresso/tools/bin/../lib/gcc/arm-none-eabi/5.4.1/../../../../arm-none-eabi/lib/armv7-m/libcr_semihost.a(__sys_remove.o)
                0x00000000000036b8                __sys_remove
 .text.__sys_seek
                0x00000000000036c4        0xc /Applications/lpcxpresso_8.2.2_650/lpcxpresso/tools/bin/../lib/gcc/arm-none-eabi/5.4.1/../../../../arm-none-eabi/lib/armv7-m/libcr_semihost.a(__sys_seek.o)
                0x00000000000036c4                __sys_seek
 .text.__sys_tmpnam
                0x00000000000036d0        0xc /Applications/lpcxpresso_8.2.2_650/lpcxpresso/tools/bin/../lib/gcc/arm-none-eabi/5.4.1/../../../../arm-none-eabi/lib/armv7-m/libcr_semihost.a(__sys_tmpnam.o)
                0x00000000000036d0                __sys_tmpnam
 .text.__sys_write
                0x00000000000036dc        0xc /Applications/lpcxpresso_8.2.2_650/lpcxpresso/tools/bin/../lib/gcc/arm-none-eabi/5.4.1/../../../../arm-none-eabi/lib/armv7-m/libcr_semihost.a(__sys_write.o)
                0x00000000000036dc                __write
                0x00000000000036dc                __sys_write
 *(.rodata .rodata.* .constdata .constdata.*)
 .rodata        0x00000000000036e8       0xac ./src/main.o
 .rodata        0x0000000000003794       0x15 /Users/siidheesh/Documents/LPCXpresso_8.2.2/workspace/Lib_MCU/Debug/libLib_MCU.a(lpc17xx_ssp.o)
 .rodata.str1.1
                0x00000000000037a9       0x34 /Applications/lpcxpresso_8.2.2_650/lpcxpresso/tools/bin/../lib/gcc/arm-none-eabi/5.4.1/../../../../arm-none-eabi/lib/armv7-m/libcr_c.a(fpprintf.o)
                                         0x35 (size before relaxing)
 .rodata.str1.1
                0x00000000000037dd        0x4 /Applications/lpcxpresso_8.2.2_650/lpcxpresso/tools/bin/../lib/gcc/arm-none-eabi/5.4.1/../../../../arm-none-eabi/lib/armv7-m/libcr_c.a(initio.o)
 .rodata.str1.1
                0x00000000000037e1       0x31 /Applications/lpcxpresso_8.2.2_650/lpcxpresso/tools/bin/../lib/gcc/arm-none-eabi/5.4.1/../../../../arm-none-eabi/lib/armv7-m/libcr_c.a(printf.o)
                                         0x38 (size before relaxing)
 .rodata.str1.1
                0x0000000000003812       0x18 /Applications/lpcxpresso_8.2.2_650/lpcxpresso/tools/bin/../lib/gcc/arm-none-eabi/5.4.1/../../../../arm-none-eabi/lib/armv7-m/libcr_c.a(alloc.o)
 *fill*         0x000000000000382a        0x6 ff
 .rodata.__huge_vall
                0x0000000000003830        0x8 /Applications/lpcxpresso_8.2.2_650/lpcxpresso/tools/bin/../lib/gcc/arm-none-eabi/5.4.1/../../../../arm-none-eabi/lib/armv7-m/libcr_c.a(_hugeval.o)
                0x0000000000003830                __huge_vall
                0x0000000000003838                . = ALIGN (0x4)

.glue_7         0x0000000000003838        0x0
 .glue_7        0x0000000000003838        0x0 linker stubs

.glue_7t        0x0000000000003838        0x0
 .glue_7t       0x0000000000003838        0x0 linker stubs

.vfp11_veneer   0x0000000000003838        0x0
 .vfp11_veneer  0x0000000000003838        0x0 linker stubs

.v4_bx          0x0000000000003838        0x0
 .v4_bx         0x0000000000003838        0x0 linker stubs

.iplt           0x0000000000003838        0x0
 .iplt          0x0000000000003838        0x0 ./src/cr_startup_lpc17.o

.rel.dyn        0x0000000000003838        0x0
 .rel.iplt      0x0000000000003838        0x0 ./src/cr_startup_lpc17.o

.ARM.extab
 *(.ARM.extab* .gnu.linkonce.armextab.*)
                0x0000000000003838                __exidx_start = .

.ARM.exidx
 *(.ARM.exidx* .gnu.linkonce.armexidx.*)
                0x0000000000003838                __exidx_end = .
                0x0000000000003838                _etext = .

.data_RAM2      0x000000002007c000        0x0 load address 0x0000000000003838
 FILL mask 0xff
                [!provide]                        PROVIDE (__start_data_RAM2, .)
 *(.ramfunc.$RAM2)
 *(.ramfunc.$RamAHB32)
 *(.data.$RAM2*)
 *(.data.$RamAHB32*)
                0x000000002007c000                . = ALIGN (0x4)
                [!provide]                        PROVIDE (__end_data_RAM2, .)

.uninit_RESERVED
                0x0000000010000000        0x0
 *(.bss.$RESERVED*)
                0x0000000010000000                . = ALIGN (0x4)
                0x0000000010000000                _end_uninit_RESERVED = .

.data           0x0000000010000000       0x50 load address 0x0000000000003838
 FILL mask 0xff
                0x0000000010000000                _data = .
 *(vtable)
 *(.ramfunc*)
 *(.data*)
 .data          0x0000000010000000       0x50 /Users/siidheesh/Documents/LPCXpresso_8.2.2/workspace/Lib_EaBaseBoard/Debug/libLib_EaBaseBoard.a(led7seg.o)
                0x0000000010000050                . = ALIGN (0x4)
                0x0000000010000050                _edata = .

.igot.plt       0x0000000010000050        0x0 load address 0x0000000000003888
 .igot.plt      0x0000000010000050        0x0 ./src/cr_startup_lpc17.o

.bss_RAM2       0x000000002007c000        0x0
                [!provide]                        PROVIDE (__start_bss_RAM2, .)
 *(.bss.$RAM2*)
 *(.bss.$RamAHB32*)
                0x000000002007c000                . = ALIGN ((. != 0x0)?0x4:0x1)
                [!provide]                        PROVIDE (__end_bss_RAM2, .)

.bss            0x0000000010000050      0x16c
                0x0000000010000050                _bss = .
 *(.bss*)
 .bss           0x0000000010000050        0x4 ./src/main.o
 .bss           0x0000000010000054       0x18 /Users/siidheesh/Documents/LPCXpresso_8.2.2/workspace/Lib_MCU/Debug/libLib_MCU.a(lpc17xx_ssp.o)
 .bss._extra    0x000000001000006c        0x4 /Applications/lpcxpresso_8.2.2_650/lpcxpresso/tools/bin/../lib/gcc/arm-none-eabi/5.4.1/../../../../arm-none-eabi/lib/armv7-m/libcr_c.a(initio.o)
                0x000000001000006c                _extra
 .bss.__Ciob    0x0000000010000070      0x140 /Applications/lpcxpresso_8.2.2_650/lpcxpresso/tools/bin/../lib/gcc/arm-none-eabi/5.4.1/../../../../arm-none-eabi/lib/armv7-m/libcr_c.a(stdio.o)
                0x0000000010000070                __Ciob
 .bss.errno     0x00000000100001b0        0x4 /Applications/lpcxpresso_8.2.2_650/lpcxpresso/tools/bin/../lib/gcc/arm-none-eabi/5.4.1/../../../../arm-none-eabi/lib/armv7-m/libcr_c.a(errno.o)
                0x00000000100001b0                errno
 .bss.__heaps   0x00000000100001b4        0x4 /Applications/lpcxpresso_8.2.2_650/lpcxpresso/tools/bin/../lib/gcc/arm-none-eabi/5.4.1/../../../../arm-none-eabi/lib/armv7-m/libcr_c.a(__init_alloc.o)
                0x00000000100001b4                __heaps
 .bss.__end_of_heap
                0x00000000100001b8        0x4 /Applications/lpcxpresso_8.2.2_650/lpcxpresso/tools/bin/../lib/gcc/arm-none-eabi/5.4.1/../../../../arm-none-eabi/lib/armv7-m/libcr_c.a(__init_alloc.o)
                0x00000000100001b8                __end_of_heap
 *(COMMON)
                0x00000000100001bc                . = ALIGN (0x4)
                0x00000000100001bc                _ebss = .
                [!provide]                        PROVIDE (end, .)

.noinit_RAM2    0x000000002007c000        0x0
 *(.noinit.$RAM2*)
 *(.noinit.$RamAHB32*)
                0x000000002007c000                . = ALIGN (0x4)

.noinit         0x00000000100001bc        0x0
                0x00000000100001bc                _noinit = .
 *(.noinit*)
                0x00000000100001bc                . = ALIGN (0x4)
                0x00000000100001bc                _end_noinit = .
                0x00000000100001bc                PROVIDE (_pvHeapStart, DEFINED (__user_heap_base)?__user_heap_base:.)
                0x0000000010008000                PROVIDE (_vStackTop, DEFINED (__user_stack_top)?__user_stack_top:(__top_RamLoc32 - 0x0))
                [!provide]                        PROVIDE (__valid_user_code_checksum, (0x0 - ((((((_vStackTop + (ResetISR + 0x1)) + (NMI_Handler + 0x1)) + (HardFault_Handler + 0x1)) + (DEFINED (MemManage_Handler)?MemManage_Handler:0x0 + 0x1)) + (DEFINED (BusFault_Handler)?BusFault_Handler:0x0 + 0x1)) + (DEFINED (UsageFault_Handler)?UsageFault_Handler:0x0 + 0x1))))
OUTPUT(EE2024Assign1S1AY201718.axf elf32-littlearm)

.debug_info     0x0000000000000000     0x1ede
 .debug_info    0x0000000000000000      0x1bd ./src/cr_startup_lpc17.o
 .debug_info    0x00000000000001bd       0x8d ./src/distrBF.o
 .debug_info    0x000000000000024a      0x13e ./src/main.o
 .debug_info    0x0000000000000388       0xfa /Users/siidheesh/Documents/LPCXpresso_8.2.2/workspace/Lib_EaBaseBoard/Debug/libLib_EaBaseBoard.a(joystick.o)
 .debug_info    0x0000000000000482      0x24e /Users/siidheesh/Documents/LPCXpresso_8.2.2/workspace/Lib_EaBaseBoard/Debug/libLib_EaBaseBoard.a(led7seg.o)
 .debug_info    0x00000000000006d0       0xcf /Users/siidheesh/Documents/LPCXpresso_8.2.2/workspace/Lib_EaBaseBoard/Debug/libLib_EaBaseBoard.a(rgb.o)
 .debug_info    0x000000000000079f       0xed /Users/siidheesh/Documents/LPCXpresso_8.2.2/workspace/Lib_EaBaseBoard/Debug/libLib_EaBaseBoard.a(rotary.o)
 .debug_info    0x000000000000088c      0x2e3 /Users/siidheesh/Documents/LPCXpresso_8.2.2/workspace/Lib_CMSISv1p30_LPC17xx/Debug/libCMSISv1p30_LPC17xx.a(system_LPC17xx.o)
 .debug_info    0x0000000000000b6f      0xac9 /Users/siidheesh/Documents/LPCXpresso_8.2.2/workspace/Lib_MCU/Debug/libLib_MCU.a(lpc17xx_gpio.o)
 .debug_info    0x0000000000001638      0x7e1 /Users/siidheesh/Documents/LPCXpresso_8.2.2/workspace/Lib_MCU/Debug/libLib_MCU.a(lpc17xx_ssp.o)
 .debug_info    0x0000000000001e19       0xc5 /Users/siidheesh/Documents/LPCXpresso_8.2.2/workspace/Lib_MCU/Debug/libLib_MCU.a(lpc17xx_libcfg_default.o)

.debug_abbrev   0x0000000000000000      0x975
 .debug_abbrev  0x0000000000000000       0xb9 ./src/cr_startup_lpc17.o
 .debug_abbrev  0x00000000000000b9       0x14 ./src/distrBF.o
 .debug_abbrev  0x00000000000000cd       0x9e ./src/main.o
 .debug_abbrev  0x000000000000016b       0x95 /Users/siidheesh/Documents/LPCXpresso_8.2.2/workspace/Lib_EaBaseBoard/Debug/libLib_EaBaseBoard.a(joystick.o)
 .debug_abbrev  0x0000000000000200      0x15c /Users/siidheesh/Documents/LPCXpresso_8.2.2/workspace/Lib_EaBaseBoard/Debug/libLib_EaBaseBoard.a(led7seg.o)
 .debug_abbrev  0x000000000000035c       0x93 /Users/siidheesh/Documents/LPCXpresso_8.2.2/workspace/Lib_EaBaseBoard/Debug/libLib_EaBaseBoard.a(rgb.o)
 .debug_abbrev  0x00000000000003ef       0xa4 /Users/siidheesh/Documents/LPCXpresso_8.2.2/workspace/Lib_EaBaseBoard/Debug/libLib_EaBaseBoard.a(rotary.o)
 .debug_abbrev  0x0000000000000493       0xe6 /Users/siidheesh/Documents/LPCXpresso_8.2.2/workspace/Lib_CMSISv1p30_LPC17xx/Debug/libCMSISv1p30_LPC17xx.a(system_LPC17xx.o)
 .debug_abbrev  0x0000000000000579      0x193 /Users/siidheesh/Documents/LPCXpresso_8.2.2/workspace/Lib_MCU/Debug/libLib_MCU.a(lpc17xx_gpio.o)
 .debug_abbrev  0x000000000000070c      0x1fd /Users/siidheesh/Documents/LPCXpresso_8.2.2/workspace/Lib_MCU/Debug/libLib_MCU.a(lpc17xx_ssp.o)
 .debug_abbrev  0x0000000000000909       0x6c /Users/siidheesh/Documents/LPCXpresso_8.2.2/workspace/Lib_MCU/Debug/libLib_MCU.a(lpc17xx_libcfg_default.o)

.debug_aranges  0x0000000000000000      0x318
 .debug_aranges
                0x0000000000000000       0x70 ./src/cr_startup_lpc17.o
 .debug_aranges
                0x0000000000000070       0x20 ./src/distrBF.o
 .debug_aranges
                0x0000000000000090       0x20 ./src/main.o
 .debug_aranges
                0x00000000000000b0       0x28 /Users/siidheesh/Documents/LPCXpresso_8.2.2/workspace/Lib_EaBaseBoard/Debug/libLib_EaBaseBoard.a(joystick.o)
 .debug_aranges
                0x00000000000000d8       0x28 /Users/siidheesh/Documents/LPCXpresso_8.2.2/workspace/Lib_EaBaseBoard/Debug/libLib_EaBaseBoard.a(led7seg.o)
 .debug_aranges
                0x0000000000000100       0x28 /Users/siidheesh/Documents/LPCXpresso_8.2.2/workspace/Lib_EaBaseBoard/Debug/libLib_EaBaseBoard.a(rgb.o)
 .debug_aranges
                0x0000000000000128       0x28 /Users/siidheesh/Documents/LPCXpresso_8.2.2/workspace/Lib_EaBaseBoard/Debug/libLib_EaBaseBoard.a(rotary.o)
 .debug_aranges
                0x0000000000000150       0x28 /Users/siidheesh/Documents/LPCXpresso_8.2.2/workspace/Lib_CMSISv1p30_LPC17xx/Debug/libCMSISv1p30_LPC17xx.a(system_LPC17xx.o)
 .debug_aranges
                0x0000000000000178       0xc8 /Users/siidheesh/Documents/LPCXpresso_8.2.2/workspace/Lib_MCU/Debug/libLib_MCU.a(lpc17xx_gpio.o)
 .debug_aranges
                0x0000000000000240       0xb8 /Users/siidheesh/Documents/LPCXpresso_8.2.2/workspace/Lib_MCU/Debug/libLib_MCU.a(lpc17xx_ssp.o)
 .debug_aranges
                0x00000000000002f8       0x20 /Users/siidheesh/Documents/LPCXpresso_8.2.2/workspace/Lib_MCU/Debug/libLib_MCU.a(lpc17xx_libcfg_default.o)

.debug_ranges   0x0000000000000000      0x258
 .debug_ranges  0x0000000000000000       0x60 ./src/cr_startup_lpc17.o
 .debug_ranges  0x0000000000000060       0x10 ./src/main.o
 .debug_ranges  0x0000000000000070       0x18 /Users/siidheesh/Documents/LPCXpresso_8.2.2/workspace/Lib_EaBaseBoard/Debug/libLib_EaBaseBoard.a(joystick.o)
 .debug_ranges  0x0000000000000088       0x18 /Users/siidheesh/Documents/LPCXpresso_8.2.2/workspace/Lib_EaBaseBoard/Debug/libLib_EaBaseBoard.a(led7seg.o)
 .debug_ranges  0x00000000000000a0       0x18 /Users/siidheesh/Documents/LPCXpresso_8.2.2/workspace/Lib_EaBaseBoard/Debug/libLib_EaBaseBoard.a(rgb.o)
 .debug_ranges  0x00000000000000b8       0x18 /Users/siidheesh/Documents/LPCXpresso_8.2.2/workspace/Lib_EaBaseBoard/Debug/libLib_EaBaseBoard.a(rotary.o)
 .debug_ranges  0x00000000000000d0       0x18 /Users/siidheesh/Documents/LPCXpresso_8.2.2/workspace/Lib_CMSISv1p30_LPC17xx/Debug/libCMSISv1p30_LPC17xx.a(system_LPC17xx.o)
 .debug_ranges  0x00000000000000e8       0xb8 /Users/siidheesh/Documents/LPCXpresso_8.2.2/workspace/Lib_MCU/Debug/libLib_MCU.a(lpc17xx_gpio.o)
 .debug_ranges  0x00000000000001a0       0xa8 /Users/siidheesh/Documents/LPCXpresso_8.2.2/workspace/Lib_MCU/Debug/libLib_MCU.a(lpc17xx_ssp.o)
 .debug_ranges  0x0000000000000248       0x10 /Users/siidheesh/Documents/LPCXpresso_8.2.2/workspace/Lib_MCU/Debug/libLib_MCU.a(lpc17xx_libcfg_default.o)

.debug_macro    0x0000000000000000     0x3e39
 .debug_macro   0x0000000000000000       0x52 ./src/cr_startup_lpc17.o
 .debug_macro   0x0000000000000052      0x886 ./src/cr_startup_lpc17.o
 .debug_macro   0x00000000000008d8       0x10 ./src/cr_startup_lpc17.o
 .debug_macro   0x00000000000008e8      0x12d ./src/cr_startup_lpc17.o
 .debug_macro   0x0000000000000a15      0x5b2 ./src/cr_startup_lpc17.o
 .debug_macro   0x0000000000000fc7       0xc7 ./src/main.o
 .debug_macro   0x000000000000108e       0xa0 ./src/main.o
 .debug_macro   0x000000000000112e       0x1c ./src/main.o
 .debug_macro   0x000000000000114a       0x22 ./src/main.o
 .debug_macro   0x000000000000116c      0x7b7 ./src/main.o
 .debug_macro   0x0000000000001923      0x2c7 ./src/main.o
 .debug_macro   0x0000000000001bea       0x5d ./src/main.o
 .debug_macro   0x0000000000001c47      0x143 ./src/main.o
 .debug_macro   0x0000000000001d8a       0x46 ./src/main.o
 .debug_macro   0x0000000000001dd0       0x1c ./src/main.o
 .debug_macro   0x0000000000001dec       0x28 ./src/main.o
 .debug_macro   0x0000000000001e14       0x1c ./src/main.o
 .debug_macro   0x0000000000001e30       0x83 /Users/siidheesh/Documents/LPCXpresso_8.2.2/workspace/Lib_EaBaseBoard/Debug/libLib_EaBaseBoard.a(joystick.o)
 .debug_macro   0x0000000000001eb3      0x880 /Users/siidheesh/Documents/LPCXpresso_8.2.2/workspace/Lib_EaBaseBoard/Debug/libLib_EaBaseBoard.a(joystick.o)
 .debug_macro   0x0000000000002733       0x63 /Users/siidheesh/Documents/LPCXpresso_8.2.2/workspace/Lib_EaBaseBoard/Debug/libLib_EaBaseBoard.a(joystick.o)
 .debug_macro   0x0000000000002796       0x40 /Users/siidheesh/Documents/LPCXpresso_8.2.2/workspace/Lib_EaBaseBoard/Debug/libLib_EaBaseBoard.a(joystick.o)
 .debug_macro   0x00000000000027d6       0x99 /Users/siidheesh/Documents/LPCXpresso_8.2.2/workspace/Lib_EaBaseBoard/Debug/libLib_EaBaseBoard.a(led7seg.o)
 .debug_macro   0x000000000000286f      0x2af /Users/siidheesh/Documents/LPCXpresso_8.2.2/workspace/Lib_EaBaseBoard/Debug/libLib_EaBaseBoard.a(led7seg.o)
 .debug_macro   0x0000000000002b1e       0x83 /Users/siidheesh/Documents/LPCXpresso_8.2.2/workspace/Lib_EaBaseBoard/Debug/libLib_EaBaseBoard.a(rgb.o)
 .debug_macro   0x0000000000002ba1       0xb3 /Users/siidheesh/Documents/LPCXpresso_8.2.2/workspace/Lib_EaBaseBoard/Debug/libLib_EaBaseBoard.a(rotary.o)
 .debug_macro   0x0000000000002c54      0x113 /Users/siidheesh/Documents/LPCXpresso_8.2.2/workspace/Lib_CMSISv1p30_LPC17xx/Debug/libCMSISv1p30_LPC17xx.a(system_LPC17xx.o)
 .debug_macro   0x0000000000002d67      0x7d5 /Users/siidheesh/Documents/LPCXpresso_8.2.2/workspace/Lib_CMSISv1p30_LPC17xx/Debug/libCMSISv1p30_LPC17xx.a(system_LPC17xx.o)
 .debug_macro   0x000000000000353c       0x83 /Users/siidheesh/Documents/LPCXpresso_8.2.2/workspace/Lib_MCU/Debug/libLib_MCU.a(lpc17xx_gpio.o)
 .debug_macro   0x00000000000035bf       0xcb /Users/siidheesh/Documents/LPCXpresso_8.2.2/workspace/Lib_MCU/Debug/libLib_MCU.a(lpc17xx_gpio.o)
 .debug_macro   0x000000000000368a       0x8c /Users/siidheesh/Documents/LPCXpresso_8.2.2/workspace/Lib_MCU/Debug/libLib_MCU.a(lpc17xx_ssp.o)
 .debug_macro   0x0000000000003716      0x2a9 /Users/siidheesh/Documents/LPCXpresso_8.2.2/workspace/Lib_MCU/Debug/libLib_MCU.a(lpc17xx_ssp.o)
 .debug_macro   0x00000000000039bf      0x2fe /Users/siidheesh/Documents/LPCXpresso_8.2.2/workspace/Lib_MCU/Debug/libLib_MCU.a(lpc17xx_ssp.o)
 .debug_macro   0x0000000000003cbd       0x5a /Users/siidheesh/Documents/LPCXpresso_8.2.2/workspace/Lib_MCU/Debug/libLib_MCU.a(lpc17xx_libcfg_default.o)
 .debug_macro   0x0000000000003d17       0x5d /Users/siidheesh/Documents/LPCXpresso_8.2.2/workspace/Lib_MCU/Debug/libLib_MCU.a(lpc17xx_libcfg_default.o)
 .debug_macro   0x0000000000003d74       0xc5 /Users/siidheesh/Documents/LPCXpresso_8.2.2/workspace/Lib_MCU/Debug/libLib_MCU.a(lpc17xx_libcfg_default.o)

.debug_line     0x0000000000000000     0x1d2a
 .debug_line    0x0000000000000000      0x265 ./src/cr_startup_lpc17.o
 .debug_line    0x0000000000000265       0x5c ./src/distrBF.o
 .debug_line    0x00000000000002c1      0x2cd ./src/main.o
 .debug_line    0x000000000000058e      0x26e /Users/siidheesh/Documents/LPCXpresso_8.2.2/workspace/Lib_EaBaseBoard/Debug/libLib_EaBaseBoard.a(joystick.o)
 .debug_line    0x00000000000007fc      0x27e /Users/siidheesh/Documents/LPCXpresso_8.2.2/workspace/Lib_EaBaseBoard/Debug/libLib_EaBaseBoard.a(led7seg.o)
 .debug_line    0x0000000000000a7a      0x25c /Users/siidheesh/Documents/LPCXpresso_8.2.2/workspace/Lib_EaBaseBoard/Debug/libLib_EaBaseBoard.a(rgb.o)
 .debug_line    0x0000000000000cd6      0x280 /Users/siidheesh/Documents/LPCXpresso_8.2.2/workspace/Lib_EaBaseBoard/Debug/libLib_EaBaseBoard.a(rotary.o)
 .debug_line    0x0000000000000f56      0x20f /Users/siidheesh/Documents/LPCXpresso_8.2.2/workspace/Lib_CMSISv1p30_LPC17xx/Debug/libCMSISv1p30_LPC17xx.a(system_LPC17xx.o)
 .debug_line    0x0000000000001165      0x419 /Users/siidheesh/Documents/LPCXpresso_8.2.2/workspace/Lib_MCU/Debug/libLib_MCU.a(lpc17xx_gpio.o)
 .debug_line    0x000000000000157e      0x61f /Users/siidheesh/Documents/LPCXpresso_8.2.2/workspace/Lib_MCU/Debug/libLib_MCU.a(lpc17xx_ssp.o)
 .debug_line    0x0000000000001b9d      0x18d /Users/siidheesh/Documents/LPCXpresso_8.2.2/workspace/Lib_MCU/Debug/libLib_MCU.a(lpc17xx_libcfg_default.o)

.debug_str      0x0000000000000000     0xb91d
 .debug_str     0x0000000000000000     0x3cf1 ./src/cr_startup_lpc17.o
                                       0x3d82 (size before relaxing)
 .debug_str     0x0000000000003cf1     0x4b55 ./src/main.o
                                       0x879c (size before relaxing)
 .debug_str     0x0000000000008846       0xa7 /Users/siidheesh/Documents/LPCXpresso_8.2.2/workspace/Lib_EaBaseBoard/Debug/libLib_EaBaseBoard.a(joystick.o)
                                       0x8050 (size before relaxing)
 .debug_str     0x00000000000088ed     0x1139 /Users/siidheesh/Documents/LPCXpresso_8.2.2/workspace/Lib_EaBaseBoard/Debug/libLib_EaBaseBoard.a(led7seg.o)
                                       0x90ee (size before relaxing)
 .debug_str     0x0000000000009a26       0x2a /Users/siidheesh/Documents/LPCXpresso_8.2.2/workspace/Lib_EaBaseBoard/Debug/libLib_EaBaseBoard.a(rgb.o)
                                       0x7ff5 (size before relaxing)
 .debug_str     0x0000000000009a50       0x9b /Users/siidheesh/Documents/LPCXpresso_8.2.2/workspace/Lib_EaBaseBoard/Debug/libLib_EaBaseBoard.a(rotary.o)
                                       0x806a (size before relaxing)
 .debug_str     0x0000000000009aeb      0x474 /Users/siidheesh/Documents/LPCXpresso_8.2.2/workspace/Lib_CMSISv1p30_LPC17xx/Debug/libCMSISv1p30_LPC17xx.a(system_LPC17xx.o)
                                       0x7ff3 (size before relaxing)
 .debug_str     0x0000000000009f5f      0x4e7 /Users/siidheesh/Documents/LPCXpresso_8.2.2/workspace/Lib_MCU/Debug/libLib_MCU.a(lpc17xx_gpio.o)
                                       0x8446 (size before relaxing)
 .debug_str     0x000000000000a446     0x14a5 /Users/siidheesh/Documents/LPCXpresso_8.2.2/workspace/Lib_MCU/Debug/libLib_MCU.a(lpc17xx_ssp.o)
                                       0xa436 (size before relaxing)
 .debug_str     0x000000000000b8eb       0x32 /Users/siidheesh/Documents/LPCXpresso_8.2.2/workspace/Lib_MCU/Debug/libLib_MCU.a(lpc17xx_libcfg_default.o)
                                       0x3f1f (size before relaxing)

.comment        0x0000000000000000       0xdc
 .comment       0x0000000000000000       0x6e ./src/cr_startup_lpc17.o
                                         0x6f (size before relaxing)
 .comment       0x000000000000006e       0x6f ./src/main.o
 .comment       0x000000000000006e       0x6f /Users/siidheesh/Documents/LPCXpresso_8.2.2/workspace/Lib_EaBaseBoard/Debug/libLib_EaBaseBoard.a(joystick.o)
 .comment       0x000000000000006e       0x6f /Users/siidheesh/Documents/LPCXpresso_8.2.2/workspace/Lib_EaBaseBoard/Debug/libLib_EaBaseBoard.a(led7seg.o)
 .comment       0x000000000000006e       0x6f /Users/siidheesh/Documents/LPCXpresso_8.2.2/workspace/Lib_EaBaseBoard/Debug/libLib_EaBaseBoard.a(rgb.o)
 .comment       0x000000000000006e       0x6f /Users/siidheesh/Documents/LPCXpresso_8.2.2/workspace/Lib_EaBaseBoard/Debug/libLib_EaBaseBoard.a(rotary.o)
 .comment       0x000000000000006e       0x6f /Users/siidheesh/Documents/LPCXpresso_8.2.2/workspace/Lib_CMSISv1p30_LPC17xx/Debug/libCMSISv1p30_LPC17xx.a(system_LPC17xx.o)
 .comment       0x000000000000006e       0x6f /Users/siidheesh/Documents/LPCXpresso_8.2.2/workspace/Lib_MCU/Debug/libLib_MCU.a(lpc17xx_gpio.o)
 .comment       0x000000000000006e       0x6f /Users/siidheesh/Documents/LPCXpresso_8.2.2/workspace/Lib_MCU/Debug/libLib_MCU.a(lpc17xx_ssp.o)
 .comment       0x000000000000006e       0x6f /Users/siidheesh/Documents/LPCXpresso_8.2.2/workspace/Lib_MCU/Debug/libLib_MCU.a(lpc17xx_libcfg_default.o)
 .comment       0x000000000000006e       0x6e /Applications/lpcxpresso_8.2.2_650/lpcxpresso/tools/bin/../lib/gcc/arm-none-eabi/5.4.1/../../../../arm-none-eabi/lib/armv7-m/libcr_semihost.a(_cr__main.o)
                                         0x6f (size before relaxing)
 .comment       0x00000000000000dc       0x6f /Applications/lpcxpresso_8.2.2_650/lpcxpresso/tools/bin/../lib/gcc/arm-none-eabi/5.4.1/../../../../arm-none-eabi/lib/armv7-m/libcr_c.a(memcpy.o)
 .comment       0x00000000000000dc       0x6f /Applications/lpcxpresso_8.2.2_650/lpcxpresso/tools/bin/../lib/gcc/arm-none-eabi/5.4.1/../../../../arm-none-eabi/lib/armv7-m/libcr_c.a(memset.o)
 .comment       0x00000000000000dc       0x6f /Applications/lpcxpresso_8.2.2_650/lpcxpresso/tools/bin/../lib/gcc/arm-none-eabi/5.4.1/../../../../arm-none-eabi/lib/armv7-m/libcr_c.a(fpprintf.o)
 .comment       0x00000000000000dc       0x6f /Applications/lpcxpresso_8.2.2_650/lpcxpresso/tools/bin/../lib/gcc/arm-none-eabi/5.4.1/../../../../arm-none-eabi/lib/armv7-m/libcr_c.a(initio.o)
 .comment       0x00000000000000dc       0x6f /Applications/lpcxpresso_8.2.2_650/lpcxpresso/tools/bin/../lib/gcc/arm-none-eabi/5.4.1/../../../../arm-none-eabi/lib/armv7-m/libcr_c.a(printf.o)
 .comment       0x00000000000000dc       0x6f /Applications/lpcxpresso_8.2.2_650/lpcxpresso/tools/bin/../lib/gcc/arm-none-eabi/5.4.1/../../../../arm-none-eabi/lib/armv7-m/libcr_c.a(setvbuf.o)
 .comment       0x00000000000000dc       0x6f /Applications/lpcxpresso_8.2.2_650/lpcxpresso/tools/bin/../lib/gcc/arm-none-eabi/5.4.1/../../../../arm-none-eabi/lib/armv7-m/libcr_c.a(stdio.o)
 .comment       0x00000000000000dc       0x6f /Applications/lpcxpresso_8.2.2_650/lpcxpresso/tools/bin/../lib/gcc/arm-none-eabi/5.4.1/../../../../arm-none-eabi/lib/armv7-m/libcr_c.a(strlen.o)
 .comment       0x00000000000000dc       0x6f /Applications/lpcxpresso_8.2.2_650/lpcxpresso/tools/bin/../lib/gcc/arm-none-eabi/5.4.1/../../../../arm-none-eabi/lib/armv7-m/libcr_c.a(_deferredlazyseek.o)
 .comment       0x00000000000000dc       0x6f /Applications/lpcxpresso_8.2.2_650/lpcxpresso/tools/bin/../lib/gcc/arm-none-eabi/5.4.1/../../../../arm-none-eabi/lib/armv7-m/libcr_c.a(_fdopen.o)
 .comment       0x00000000000000dc       0x6f /Applications/lpcxpresso_8.2.2_650/lpcxpresso/tools/bin/../lib/gcc/arm-none-eabi/5.4.1/../../../../arm-none-eabi/lib/armv7-m/libcr_c.a(_fflush.o)
 .comment       0x00000000000000dc       0x6f /Applications/lpcxpresso_8.2.2_650/lpcxpresso/tools/bin/../lib/gcc/arm-none-eabi/5.4.1/../../../../arm-none-eabi/lib/armv7-m/libcr_c.a(_frexpl.o)
 .comment       0x00000000000000dc       0x6f /Applications/lpcxpresso_8.2.2_650/lpcxpresso/tools/bin/../lib/gcc/arm-none-eabi/5.4.1/../../../../arm-none-eabi/lib/armv7-m/libcr_c.a(_ldexpl.o)
 .comment       0x00000000000000dc       0x6f /Applications/lpcxpresso_8.2.2_650/lpcxpresso/tools/bin/../lib/gcc/arm-none-eabi/5.4.1/../../../../arm-none-eabi/lib/armv7-m/libcr_c.a(_writebuf.o)
 .comment       0x00000000000000dc       0x6f /Applications/lpcxpresso_8.2.2_650/lpcxpresso/tools/bin/../lib/gcc/arm-none-eabi/5.4.1/../../../../arm-none-eabi/lib/armv7-m/libcr_c.a(alloc.o)
 .comment       0x00000000000000dc       0x6f /Applications/lpcxpresso_8.2.2_650/lpcxpresso/tools/bin/../lib/gcc/arm-none-eabi/5.4.1/../../../../arm-none-eabi/lib/armv7-m/libcr_c.a(errno.o)
 .comment       0x00000000000000dc       0x6f /Applications/lpcxpresso_8.2.2_650/lpcxpresso/tools/bin/../lib/gcc/arm-none-eabi/5.4.1/../../../../arm-none-eabi/lib/armv7-m/libcr_c.a(fclose.o)
 .comment       0x00000000000000dc       0x6f /Applications/lpcxpresso_8.2.2_650/lpcxpresso/tools/bin/../lib/gcc/arm-none-eabi/5.4.1/../../../../arm-none-eabi/lib/armv7-m/libcr_c.a(fflush.o)
 .comment       0x00000000000000dc       0x6f /Applications/lpcxpresso_8.2.2_650/lpcxpresso/tools/bin/../lib/gcc/arm-none-eabi/5.4.1/../../../../arm-none-eabi/lib/armv7-m/libcr_c.a(fseek.o)
 .comment       0x00000000000000dc       0x6f /Applications/lpcxpresso_8.2.2_650/lpcxpresso/tools/bin/../lib/gcc/arm-none-eabi/5.4.1/../../../../arm-none-eabi/lib/armv7-m/libcr_c.a(ftell.o)
 .comment       0x00000000000000dc       0x6f /Applications/lpcxpresso_8.2.2_650/lpcxpresso/tools/bin/../lib/gcc/arm-none-eabi/5.4.1/../../../../arm-none-eabi/lib/armv7-m/libcr_c.a(remove.o)
 .comment       0x00000000000000dc       0x6f /Applications/lpcxpresso_8.2.2_650/lpcxpresso/tools/bin/../lib/gcc/arm-none-eabi/5.4.1/../../../../arm-none-eabi/lib/armv7-m/libcr_c.a(__init_alloc.o)
 .comment       0x00000000000000dc       0x6f /Applications/lpcxpresso_8.2.2_650/lpcxpresso/tools/bin/../lib/gcc/arm-none-eabi/5.4.1/../../../../arm-none-eabi/lib/armv7-m/libcr_c.a(_cr_sbrk.o)
 .comment       0x00000000000000dc       0x6f /Applications/lpcxpresso_8.2.2_650/lpcxpresso/tools/bin/../lib/gcc/arm-none-eabi/5.4.1/../../../../arm-none-eabi/lib/armv7-m/libcr_c.a(_do_fflush.o)
 .comment       0x00000000000000dc       0x6f /Applications/lpcxpresso_8.2.2_650/lpcxpresso/tools/bin/../lib/gcc/arm-none-eabi/5.4.1/../../../../arm-none-eabi/lib/armv7-m/libcr_c.a(_hugeval.o)
 .comment       0x00000000000000dc       0x6f /Applications/lpcxpresso_8.2.2_650/lpcxpresso/tools/bin/../lib/gcc/arm-none-eabi/5.4.1/../../../../arm-none-eabi/lib/armv7-m/libcr_c.a(_cr_check_heap.o)
 .comment       0x00000000000000dc       0x6f /Applications/lpcxpresso_8.2.2_650/lpcxpresso/tools/bin/../lib/gcc/arm-none-eabi/5.4.1/armv7-m/libcr_eabihelpers.a(double.o)

.ARM.attributes
                0x0000000000000000       0x31
 .ARM.attributes
                0x0000000000000000       0x33 ./src/cr_startup_lpc17.o
 .ARM.attributes
                0x0000000000000033       0x21 ./src/distrBF.o
 .ARM.attributes
                0x0000000000000054       0x33 ./src/main.o
 .ARM.attributes
                0x0000000000000087       0x33 /Users/siidheesh/Documents/LPCXpresso_8.2.2/workspace/Lib_EaBaseBoard/Debug/libLib_EaBaseBoard.a(joystick.o)
 .ARM.attributes
                0x00000000000000ba       0x33 /Users/siidheesh/Documents/LPCXpresso_8.2.2/workspace/Lib_EaBaseBoard/Debug/libLib_EaBaseBoard.a(led7seg.o)
 .ARM.attributes
                0x00000000000000ed       0x33 /Users/siidheesh/Documents/LPCXpresso_8.2.2/workspace/Lib_EaBaseBoard/Debug/libLib_EaBaseBoard.a(rgb.o)
 .ARM.attributes
                0x0000000000000120       0x33 /Users/siidheesh/Documents/LPCXpresso_8.2.2/workspace/Lib_EaBaseBoard/Debug/libLib_EaBaseBoard.a(rotary.o)
 .ARM.attributes
                0x0000000000000153       0x33 /Users/siidheesh/Documents/LPCXpresso_8.2.2/workspace/Lib_CMSISv1p30_LPC17xx/Debug/libCMSISv1p30_LPC17xx.a(system_LPC17xx.o)
 .ARM.attributes
                0x0000000000000186       0x33 /Users/siidheesh/Documents/LPCXpresso_8.2.2/workspace/Lib_MCU/Debug/libLib_MCU.a(lpc17xx_gpio.o)
 .ARM.attributes
                0x00000000000001b9       0x33 /Users/siidheesh/Documents/LPCXpresso_8.2.2/workspace/Lib_MCU/Debug/libLib_MCU.a(lpc17xx_ssp.o)
 .ARM.attributes
                0x00000000000001ec       0x33 /Users/siidheesh/Documents/LPCXpresso_8.2.2/workspace/Lib_MCU/Debug/libLib_MCU.a(lpc17xx_libcfg_default.o)
 .ARM.attributes
                0x000000000000021f       0x33 /Applications/lpcxpresso_8.2.2_650/lpcxpresso/tools/bin/../lib/gcc/arm-none-eabi/5.4.1/../../../../arm-none-eabi/lib/armv7-m/libcr_semihost.a(_cr__main.o)
 .ARM.attributes
                0x0000000000000252       0x33 /Applications/lpcxpresso_8.2.2_650/lpcxpresso/tools/bin/../lib/gcc/arm-none-eabi/5.4.1/../../../../arm-none-eabi/lib/armv7-m/libcr_c.a(memcpy.o)
 .ARM.attributes
                0x0000000000000285       0x33 /Applications/lpcxpresso_8.2.2_650/lpcxpresso/tools/bin/../lib/gcc/arm-none-eabi/5.4.1/../../../../arm-none-eabi/lib/armv7-m/libcr_c.a(memset.o)
 .ARM.attributes
                0x00000000000002b8       0x33 /Applications/lpcxpresso_8.2.2_650/lpcxpresso/tools/bin/../lib/gcc/arm-none-eabi/5.4.1/../../../../arm-none-eabi/lib/armv7-m/libcr_c.a(fpprintf.o)
 .ARM.attributes
                0x00000000000002eb       0x33 /Applications/lpcxpresso_8.2.2_650/lpcxpresso/tools/bin/../lib/gcc/arm-none-eabi/5.4.1/../../../../arm-none-eabi/lib/armv7-m/libcr_c.a(initio.o)
 .ARM.attributes
                0x000000000000031e       0x33 /Applications/lpcxpresso_8.2.2_650/lpcxpresso/tools/bin/../lib/gcc/arm-none-eabi/5.4.1/../../../../arm-none-eabi/lib/armv7-m/libcr_c.a(printf.o)
 .ARM.attributes
                0x0000000000000351       0x33 /Applications/lpcxpresso_8.2.2_650/lpcxpresso/tools/bin/../lib/gcc/arm-none-eabi/5.4.1/../../../../arm-none-eabi/lib/armv7-m/libcr_c.a(setvbuf.o)
 .ARM.attributes
                0x0000000000000384       0x33 /Applications/lpcxpresso_8.2.2_650/lpcxpresso/tools/bin/../lib/gcc/arm-none-eabi/5.4.1/../../../../arm-none-eabi/lib/armv7-m/libcr_c.a(stdio.o)
 .ARM.attributes
                0x00000000000003b7       0x33 /Applications/lpcxpresso_8.2.2_650/lpcxpresso/tools/bin/../lib/gcc/arm-none-eabi/5.4.1/../../../../arm-none-eabi/lib/armv7-m/libcr_c.a(strlen.o)
 .ARM.attributes
                0x00000000000003ea       0x33 /Applications/lpcxpresso_8.2.2_650/lpcxpresso/tools/bin/../lib/gcc/arm-none-eabi/5.4.1/../../../../arm-none-eabi/lib/armv7-m/libcr_c.a(_deferredlazyseek.o)
 .ARM.attributes
                0x000000000000041d       0x33 /Applications/lpcxpresso_8.2.2_650/lpcxpresso/tools/bin/../lib/gcc/arm-none-eabi/5.4.1/../../../../arm-none-eabi/lib/armv7-m/libcr_c.a(_fdopen.o)
 .ARM.attributes
                0x0000000000000450       0x33 /Applications/lpcxpresso_8.2.2_650/lpcxpresso/tools/bin/../lib/gcc/arm-none-eabi/5.4.1/../../../../arm-none-eabi/lib/armv7-m/libcr_c.a(_fflush.o)
 .ARM.attributes
                0x0000000000000483       0x33 /Applications/lpcxpresso_8.2.2_650/lpcxpresso/tools/bin/../lib/gcc/arm-none-eabi/5.4.1/../../../../arm-none-eabi/lib/armv7-m/libcr_c.a(_frexpl.o)
 .ARM.attributes
                0x00000000000004b6       0x33 /Applications/lpcxpresso_8.2.2_650/lpcxpresso/tools/bin/../lib/gcc/arm-none-eabi/5.4.1/../../../../arm-none-eabi/lib/armv7-m/libcr_c.a(_ldexpl.o)
 .ARM.attributes
                0x00000000000004e9       0x33 /Applications/lpcxpresso_8.2.2_650/lpcxpresso/tools/bin/../lib/gcc/arm-none-eabi/5.4.1/../../../../arm-none-eabi/lib/armv7-m/libcr_c.a(_writebuf.o)
 .ARM.attributes
                0x000000000000051c       0x33 /Applications/lpcxpresso_8.2.2_650/lpcxpresso/tools/bin/../lib/gcc/arm-none-eabi/5.4.1/../../../../arm-none-eabi/lib/armv7-m/libcr_c.a(alloc.o)
 .ARM.attributes
                0x000000000000054f       0x33 /Applications/lpcxpresso_8.2.2_650/lpcxpresso/tools/bin/../lib/gcc/arm-none-eabi/5.4.1/../../../../arm-none-eabi/lib/armv7-m/libcr_c.a(errno.o)
 .ARM.attributes
                0x0000000000000582       0x33 /Applications/lpcxpresso_8.2.2_650/lpcxpresso/tools/bin/../lib/gcc/arm-none-eabi/5.4.1/../../../../arm-none-eabi/lib/armv7-m/libcr_c.a(fclose.o)
 .ARM.attributes
                0x00000000000005b5       0x33 /Applications/lpcxpresso_8.2.2_650/lpcxpresso/tools/bin/../lib/gcc/arm-none-eabi/5.4.1/../../../../arm-none-eabi/lib/armv7-m/libcr_c.a(fflush.o)
 .ARM.attributes
                0x00000000000005e8       0x33 /Applications/lpcxpresso_8.2.2_650/lpcxpresso/tools/bin/../lib/gcc/arm-none-eabi/5.4.1/../../../../arm-none-eabi/lib/armv7-m/libcr_c.a(fseek.o)
 .ARM.attributes
                0x000000000000061b       0x33 /Applications/lpcxpresso_8.2.2_650/lpcxpresso/tools/bin/../lib/gcc/arm-none-eabi/5.4.1/../../../../arm-none-eabi/lib/armv7-m/libcr_c.a(ftell.o)
 .ARM.attributes
                0x000000000000064e       0x33 /Applications/lpcxpresso_8.2.2_650/lpcxpresso/tools/bin/../lib/gcc/arm-none-eabi/5.4.1/../../../../arm-none-eabi/lib/armv7-m/libcr_c.a(remove.o)
 .ARM.attributes
                0x0000000000000681       0x33 /Applications/lpcxpresso_8.2.2_650/lpcxpresso/tools/bin/../lib/gcc/arm-none-eabi/5.4.1/../../../../arm-none-eabi/lib/armv7-m/libcr_c.a(__init_alloc.o)
 .ARM.attributes
                0x00000000000006b4       0x33 /Applications/lpcxpresso_8.2.2_650/lpcxpresso/tools/bin/../lib/gcc/arm-none-eabi/5.4.1/../../../../arm-none-eabi/lib/armv7-m/libcr_c.a(_cr_sbrk.o)
 .ARM.attributes
                0x00000000000006e7       0x33 /Applications/lpcxpresso_8.2.2_650/lpcxpresso/tools/bin/../lib/gcc/arm-none-eabi/5.4.1/../../../../arm-none-eabi/lib/armv7-m/libcr_c.a(_do_fflush.o)
 .ARM.attributes
                0x000000000000071a       0x33 /Applications/lpcxpresso_8.2.2_650/lpcxpresso/tools/bin/../lib/gcc/arm-none-eabi/5.4.1/../../../../arm-none-eabi/lib/armv7-m/libcr_c.a(_hugeval.o)
 .ARM.attributes
                0x000000000000074d       0x33 /Applications/lpcxpresso_8.2.2_650/lpcxpresso/tools/bin/../lib/gcc/arm-none-eabi/5.4.1/../../../../arm-none-eabi/lib/armv7-m/libcr_c.a(_cr_check_heap.o)
 .ARM.attributes
                0x0000000000000780       0x33 /Applications/lpcxpresso_8.2.2_650/lpcxpresso/tools/bin/../lib/gcc/arm-none-eabi/5.4.1/armv7-m/libcr_eabihelpers.a(double.o)
 .ARM.attributes
                0x00000000000007b3       0x21 /Applications/lpcxpresso_8.2.2_650/lpcxpresso/tools/bin/../lib/gcc/arm-none-eabi/5.4.1/armv7-m/libcr_eabihelpers.a(memcpy.o)
 .ARM.attributes
                0x00000000000007d4       0x21 /Applications/lpcxpresso_8.2.2_650/lpcxpresso/tools/bin/../lib/gcc/arm-none-eabi/5.4.1/../../../../arm-none-eabi/lib/armv7-m/libcr_semihost.a(__sys_appexit.o)
 .ARM.attributes
                0x00000000000007f5       0x21 /Applications/lpcxpresso_8.2.2_650/lpcxpresso/tools/bin/../lib/gcc/arm-none-eabi/5.4.1/../../../../arm-none-eabi/lib/armv7-m/libcr_semihost.a(__sys_close.o)
 .ARM.attributes
                0x0000000000000816       0x21 /Applications/lpcxpresso_8.2.2_650/lpcxpresso/tools/bin/../lib/gcc/arm-none-eabi/5.4.1/../../../../arm-none-eabi/lib/armv7-m/libcr_semihost.a(__sys_flen.o)
 .ARM.attributes
                0x0000000000000837       0x21 /Applications/lpcxpresso_8.2.2_650/lpcxpresso/tools/bin/../lib/gcc/arm-none-eabi/5.4.1/../../../../arm-none-eabi/lib/armv7-m/libcr_semihost.a(__sys_istty.o)
 .ARM.attributes
                0x0000000000000858       0x21 /Applications/lpcxpresso_8.2.2_650/lpcxpresso/tools/bin/../lib/gcc/arm-none-eabi/5.4.1/../../../../arm-none-eabi/lib/armv7-m/libcr_semihost.a(__sys_remove.o)
 .ARM.attributes
                0x0000000000000879       0x21 /Applications/lpcxpresso_8.2.2_650/lpcxpresso/tools/bin/../lib/gcc/arm-none-eabi/5.4.1/../../../../arm-none-eabi/lib/armv7-m/libcr_semihost.a(__sys_seek.o)
 .ARM.attributes
                0x000000000000089a       0x21 /Applications/lpcxpresso_8.2.2_650/lpcxpresso/tools/bin/../lib/gcc/arm-none-eabi/5.4.1/../../../../arm-none-eabi/lib/armv7-m/libcr_semihost.a(__sys_tmpnam.o)
 .ARM.attributes
                0x00000000000008bb       0x21 /Applications/lpcxpresso_8.2.2_650/lpcxpresso/tools/bin/../lib/gcc/arm-none-eabi/5.4.1/../../../../arm-none-eabi/lib/armv7-m/libcr_semihost.a(__sys_write.o)

.debug_frame    0x0000000000000000      0x96c
 .debug_frame   0x0000000000000000      0x148 ./src/cr_startup_lpc17.o
 .debug_frame   0x0000000000000148       0x30 ./src/main.o
 .debug_frame   0x0000000000000178       0x50 /Users/siidheesh/Documents/LPCXpresso_8.2.2/workspace/Lib_EaBaseBoard/Debug/libLib_EaBaseBoard.a(joystick.o)
 .debug_frame   0x00000000000001c8       0x50 /Users/siidheesh/Documents/LPCXpresso_8.2.2/workspace/Lib_EaBaseBoard/Debug/libLib_EaBaseBoard.a(led7seg.o)
 .debug_frame   0x0000000000000218       0x50 /Users/siidheesh/Documents/LPCXpresso_8.2.2/workspace/Lib_EaBaseBoard/Debug/libLib_EaBaseBoard.a(rgb.o)
 .debug_frame   0x0000000000000268       0x50 /Users/siidheesh/Documents/LPCXpresso_8.2.2/workspace/Lib_EaBaseBoard/Debug/libLib_EaBaseBoard.a(rotary.o)
 .debug_frame   0x00000000000002b8       0x64 /Users/siidheesh/Documents/LPCXpresso_8.2.2/workspace/Lib_CMSISv1p30_LPC17xx/Debug/libCMSISv1p30_LPC17xx.a(system_LPC17xx.o)
 .debug_frame   0x000000000000031c      0x344 /Users/siidheesh/Documents/LPCXpresso_8.2.2/workspace/Lib_MCU/Debug/libLib_MCU.a(lpc17xx_gpio.o)
 .debug_frame   0x0000000000000660      0x2e0 /Users/siidheesh/Documents/LPCXpresso_8.2.2/workspace/Lib_MCU/Debug/libLib_MCU.a(lpc17xx_ssp.o)
 .debug_frame   0x0000000000000940       0x2c /Users/siidheesh/Documents/LPCXpresso_8.2.2/workspace/Lib_MCU/Debug/libLib_MCU.a(lpc17xx_libcfg_default.o)
